[1.795s] Invoking command in '/home/rsl/crazyfly_ws/src/controller_core': PYTHONPATH=/home/rsl/crazyfly_ws/build/controller_core/prefix_override:/home/rsl/crazyfly_ws/install/controller_core/lib/python3.10/site-packages:${PYTHONPATH} /usr/bin/python3 -W ignore:setup.py install is deprecated setup.py egg_info --egg-base ../../build/controller_core build --build-base /home/rsl/crazyfly_ws/build/controller_core/build install --record /home/rsl/crazyfly_ws/build/controller_core/install.log --single-version-externally-managed install_data
[2.251s] running egg_info
[2.257s] writing ../../build/controller_core/controller_core.egg-info/PKG-INFO
[2.257s] writing dependency_links to ../../build/controller_core/controller_core.egg-info/dependency_links.txt
[2.257s] writing entry points to ../../build/controller_core/controller_core.egg-info/entry_points.txt
[2.257s] writing requirements to ../../build/controller_core/controller_core.egg-info/requires.txt
[2.258s] writing top-level names to ../../build/controller_core/controller_core.egg-info/top_level.txt
[2.263s] reading manifest file '../../build/controller_core/controller_core.egg-info/SOURCES.txt'
[2.263s] adding license file 'LICENSE'
[2.263s] writing manifest file '../../build/controller_core/controller_core.egg-info/SOURCES.txt'
[2.264s] running build
[2.264s] running build_py
[2.264s] running install
[2.264s] running install_lib
[2.267s] running install_data
[2.267s] running install_egg_info
[2.270s] removing '/home/rsl/crazyfly_ws/install/controller_core/lib/python3.10/site-packages/controller_core-0.0.0-py3.10.egg-info' (and everything under it)
[2.274s] Copying ../../build/controller_core/controller_core.egg-info to /home/rsl/crazyfly_ws/install/controller_core/lib/python3.10/site-packages/controller_core-0.0.0-py3.10.egg-info
[2.275s] running install_scripts
[2.312s] Installing ctrl_node script to /home/rsl/crazyfly_ws/install/controller_core/lib/controller_core
[2.313s] writing list of installed files to '/home/rsl/crazyfly_ws/build/controller_core/install.log'
[2.358s] Invoked command in '/home/rsl/crazyfly_ws/src/controller_core' returned '0': PYTHONPATH=/home/rsl/crazyfly_ws/build/controller_core/prefix_override:/home/rsl/crazyfly_ws/install/controller_core/lib/python3.10/site-packages:${PYTHONPATH} /usr/bin/python3 -W ignore:setup.py install is deprecated setup.py egg_info --egg-base ../../build/controller_core build --build-base /home/rsl/crazyfly_ws/build/controller_core/build install --record /home/rsl/crazyfly_ws/build/controller_core/install.log --single-version-externally-managed install_data
