[1.338s] Invoking command in '/home/rsl/crazyfly_ws/src/optitrack_core': PYTHONPATH=/home/rsl/crazyfly_ws/build/optitrack_core/prefix_override:/home/rsl/crazyfly_ws/install/optitrack_core/lib/python3.10/site-packages:${PYTHONPATH} /usr/bin/python3 -W ignore:setup.py install is deprecated setup.py egg_info --egg-base ../../build/optitrack_core build --build-base /home/rsl/crazyfly_ws/build/optitrack_core/build install --record /home/rsl/crazyfly_ws/build/optitrack_core/install.log --single-version-externally-managed install_data
[1.621s] running egg_info
[1.627s] writing ../../build/optitrack_core/optitrack_core.egg-info/PKG-INFO
[1.628s] writing dependency_links to ../../build/optitrack_core/optitrack_core.egg-info/dependency_links.txt
[1.628s] writing entry points to ../../build/optitrack_core/optitrack_core.egg-info/entry_points.txt
[1.629s] writing requirements to ../../build/optitrack_core/optitrack_core.egg-info/requires.txt
[1.629s] writing top-level names to ../../build/optitrack_core/optitrack_core.egg-info/top_level.txt
[1.631s] reading manifest file '../../build/optitrack_core/optitrack_core.egg-info/SOURCES.txt'
[1.631s] adding license file 'LICENSE'
[1.631s] writing manifest file '../../build/optitrack_core/optitrack_core.egg-info/SOURCES.txt'
[1.632s] running build
[1.632s] running build_py
[1.632s] running install
[1.632s] running install_lib
[1.633s] running install_data
[1.634s] running install_egg_info
[1.635s] removing '/home/rsl/crazyfly_ws/install/optitrack_core/lib/python3.10/site-packages/optitrack_core-0.0.0-py3.10.egg-info' (and everything under it)
[1.637s] Copying ../../build/optitrack_core/optitrack_core.egg-info to /home/rsl/crazyfly_ws/install/optitrack_core/lib/python3.10/site-packages/optitrack_core-0.0.0-py3.10.egg-info
[1.637s] running install_scripts
[1.659s] Installing get_data script to /home/rsl/crazyfly_ws/install/optitrack_core/lib/optitrack_core
[1.660s] writing list of installed files to '/home/rsl/crazyfly_ws/build/optitrack_core/install.log'
[1.700s] Invoked command in '/home/rsl/crazyfly_ws/src/optitrack_core' returned '0': PYTHONPATH=/home/rsl/crazyfly_ws/build/optitrack_core/prefix_override:/home/rsl/crazyfly_ws/install/optitrack_core/lib/python3.10/site-packages:${PYTHONPATH} /usr/bin/python3 -W ignore:setup.py install is deprecated setup.py egg_info --egg-base ../../build/optitrack_core build --build-base /home/rsl/crazyfly_ws/build/optitrack_core/build install --record /home/rsl/crazyfly_ws/build/optitrack_core/install.log --single-version-externally-managed install_data
