[1.651s] Invoking command in '/home/rsl/crazyfly_ws/src/optitrack_core': PYTHONPATH=/home/rsl/crazyfly_ws/build/optitrack_core/prefix_override:/home/rsl/crazyfly_ws/install/optitrack_core/lib/python3.10/site-packages:${PYTHONPATH} /usr/bin/python3 -W ignore:setup.py install is deprecated setup.py egg_info --egg-base ../../build/optitrack_core build --build-base /home/rsl/crazyfly_ws/build/optitrack_core/build install --record /home/rsl/crazyfly_ws/build/optitrack_core/install.log --single-version-externally-managed install_data
[1.988s] running egg_info
[1.998s] writing ../../build/optitrack_core/optitrack_core.egg-info/PKG-INFO
[1.998s] writing dependency_links to ../../build/optitrack_core/optitrack_core.egg-info/dependency_links.txt
[1.999s] writing entry points to ../../build/optitrack_core/optitrack_core.egg-info/entry_points.txt
[1.999s] writing requirements to ../../build/optitrack_core/optitrack_core.egg-info/requires.txt
[1.999s] writing top-level names to ../../build/optitrack_core/optitrack_core.egg-info/top_level.txt
[2.003s] reading manifest file '../../build/optitrack_core/optitrack_core.egg-info/SOURCES.txt'
[2.004s] adding license file 'LICENSE'
[2.004s] writing manifest file '../../build/optitrack_core/optitrack_core.egg-info/SOURCES.txt'
[2.004s] running build
[2.004s] running build_py
[2.005s] running install
[2.005s] running install_lib
[2.007s] running install_data
[2.007s] running install_egg_info
[2.010s] removing '/home/rsl/crazyfly_ws/install/optitrack_core/lib/python3.10/site-packages/optitrack_core-0.0.0-py3.10.egg-info' (and everything under it)
[2.010s] Copying ../../build/optitrack_core/optitrack_core.egg-info to /home/rsl/crazyfly_ws/install/optitrack_core/lib/python3.10/site-packages/optitrack_core-0.0.0-py3.10.egg-info
[2.012s] running install_scripts
[2.038s] Installing get_data script to /home/rsl/crazyfly_ws/install/optitrack_core/lib/optitrack_core
[2.039s] writing list of installed files to '/home/rsl/crazyfly_ws/build/optitrack_core/install.log'
[2.079s] Invoked command in '/home/rsl/crazyfly_ws/src/optitrack_core' returned '0': PYTHONPATH=/home/rsl/crazyfly_ws/build/optitrack_core/prefix_override:/home/rsl/crazyfly_ws/install/optitrack_core/lib/python3.10/site-packages:${PYTHONPATH} /usr/bin/python3 -W ignore:setup.py install is deprecated setup.py egg_info --egg-base ../../build/optitrack_core build --build-base /home/rsl/crazyfly_ws/build/optitrack_core/build install --record /home/rsl/crazyfly_ws/build/optitrack_core/install.log --single-version-externally-managed install_data
