[0.132s] DEBUG:colcon:Command line arguments: ['/usr/bin/colcon', 'build']
[0.132s] DEBUG:colcon:Parsed command line arguments: Namespace(log_base=None, log_level=None, verb_name='build', build_base='build', install_base='install', merge_install=False, symlink_install=False, test_result_base=None, continue_on_error=False, executor='parallel', parallel_workers=8, event_handlers=None, ignore_user_meta=False, metas=['./colcon.meta'], base_paths=['.'], packages_ignore=None, packages_ignore_regex=None, paths=None, packages_up_to=None, packages_up_to_regex=None, packages_above=None, packages_above_and_dependencies=None, packages_above_depth=None, packages_select_by_dep=None, packages_skip_by_dep=None, packages_skip_up_to=None, packages_select_build_failed=False, packages_skip_build_finished=False, packages_select_test_failures=False, packages_skip_test_passed=False, packages_select=None, packages_skip=None, packages_select_regex=None, packages_skip_regex=None, packages_start=None, packages_end=None, allow_overriding=[], cmake_args=None, cmake_target=None, cmake_target_skip_unavailable=False, cmake_clean_cache=False, cmake_clean_first=False, cmake_force_configure=False, ament_cmake_args=None, catkin_cmake_args=None, catkin_skip_building_tests=False, verb_parser=<colcon_defaults.argument_parser.defaults.DefaultArgumentsDecorator object at 0x7e4eff66d2d0>, verb_extension=<colcon_core.verb.build.BuildVerb object at 0x7e4eff66c730>, main=<bound method BuildVerb.main of <colcon_core.verb.build.BuildVerb object at 0x7e4eff66c730>>)
[0.427s] Level 1:colcon.colcon_core.package_discovery:discover_packages(colcon_meta) check parameters
[0.427s] Level 1:colcon.colcon_core.package_discovery:discover_packages(recursive) check parameters
[0.427s] Level 1:colcon.colcon_core.package_discovery:discover_packages(ignore) check parameters
[0.427s] Level 1:colcon.colcon_core.package_discovery:discover_packages(path) check parameters
[0.427s] Level 1:colcon.colcon_core.package_discovery:discover_packages(colcon_meta) discover
[0.427s] Level 1:colcon.colcon_core.package_discovery:discover_packages(recursive) discover
[0.427s] INFO:colcon.colcon_core.package_discovery:Crawling recursively for packages in '/home/rsl/crazyfly_ws'
[0.428s] Level 1:colcon.colcon_core.package_identification:_identify(.) by extensions ['ignore', 'ignore_ament_install']
[0.428s] Level 1:colcon.colcon_core.package_identification:_identify(.) by extension 'ignore'
[0.428s] Level 1:colcon.colcon_core.package_identification:_identify(.) by extension 'ignore_ament_install'
[0.428s] Level 1:colcon.colcon_core.package_identification:_identify(.) by extensions ['colcon_pkg']
[0.428s] Level 1:colcon.colcon_core.package_identification:_identify(.) by extension 'colcon_pkg'
[0.428s] Level 1:colcon.colcon_core.package_identification:_identify(.) by extensions ['colcon_meta']
[0.428s] Level 1:colcon.colcon_core.package_identification:_identify(.) by extension 'colcon_meta'
[0.428s] Level 1:colcon.colcon_core.package_identification:_identify(.) by extensions ['ros']
[0.428s] Level 1:colcon.colcon_core.package_identification:_identify(.) by extension 'ros'
[0.444s] Level 1:colcon.colcon_core.package_identification:_identify(.) by extensions ['cmake', 'python']
[0.445s] Level 1:colcon.colcon_core.package_identification:_identify(.) by extension 'cmake'
[0.445s] Level 1:colcon.colcon_core.package_identification:_identify(.) by extension 'python'
[0.445s] Level 1:colcon.colcon_core.package_identification:_identify(.) by extensions ['python_setup_py']
[0.445s] Level 1:colcon.colcon_core.package_identification:_identify(.) by extension 'python_setup_py'
[0.445s] Level 1:colcon.colcon_core.package_identification:_identify(I_Joc_values) by extensions ['ignore', 'ignore_ament_install']
[0.445s] Level 1:colcon.colcon_core.package_identification:_identify(I_Joc_values) by extension 'ignore'
[0.445s] Level 1:colcon.colcon_core.package_identification:_identify(I_Joc_values) by extension 'ignore_ament_install'
[0.445s] Level 1:colcon.colcon_core.package_identification:_identify(I_Joc_values) by extensions ['colcon_pkg']
[0.446s] Level 1:colcon.colcon_core.package_identification:_identify(I_Joc_values) by extension 'colcon_pkg'
[0.446s] Level 1:colcon.colcon_core.package_identification:_identify(I_Joc_values) by extensions ['colcon_meta']
[0.446s] Level 1:colcon.colcon_core.package_identification:_identify(I_Joc_values) by extension 'colcon_meta'
[0.446s] Level 1:colcon.colcon_core.package_identification:_identify(I_Joc_values) by extensions ['ros']
[0.446s] Level 1:colcon.colcon_core.package_identification:_identify(I_Joc_values) by extension 'ros'
[0.446s] Level 1:colcon.colcon_core.package_identification:_identify(I_Joc_values) by extensions ['cmake', 'python']
[0.446s] Level 1:colcon.colcon_core.package_identification:_identify(I_Joc_values) by extension 'cmake'
[0.446s] Level 1:colcon.colcon_core.package_identification:_identify(I_Joc_values) by extension 'python'
[0.446s] Level 1:colcon.colcon_core.package_identification:_identify(I_Joc_values) by extensions ['python_setup_py']
[0.446s] Level 1:colcon.colcon_core.package_identification:_identify(I_Joc_values) by extension 'python_setup_py'
[0.446s] Level 1:colcon.colcon_core.package_identification:_identify(build) by extensions ['ignore', 'ignore_ament_install']
[0.447s] Level 1:colcon.colcon_core.package_identification:_identify(build) by extension 'ignore'
[0.447s] Level 1:colcon.colcon_core.package_identification:_identify(build) ignored
[0.447s] Level 1:colcon.colcon_core.package_identification:_identify(cache) by extensions ['ignore', 'ignore_ament_install']
[0.447s] Level 1:colcon.colcon_core.package_identification:_identify(cache) by extension 'ignore'
[0.447s] Level 1:colcon.colcon_core.package_identification:_identify(cache) by extension 'ignore_ament_install'
[0.447s] Level 1:colcon.colcon_core.package_identification:_identify(cache) by extensions ['colcon_pkg']
[0.447s] Level 1:colcon.colcon_core.package_identification:_identify(cache) by extension 'colcon_pkg'
[0.447s] Level 1:colcon.colcon_core.package_identification:_identify(cache) by extensions ['colcon_meta']
[0.447s] Level 1:colcon.colcon_core.package_identification:_identify(cache) by extension 'colcon_meta'
[0.447s] Level 1:colcon.colcon_core.package_identification:_identify(cache) by extensions ['ros']
[0.447s] Level 1:colcon.colcon_core.package_identification:_identify(cache) by extension 'ros'
[0.448s] Level 1:colcon.colcon_core.package_identification:_identify(cache) by extensions ['cmake', 'python']
[0.448s] Level 1:colcon.colcon_core.package_identification:_identify(cache) by extension 'cmake'
[0.448s] Level 1:colcon.colcon_core.package_identification:_identify(cache) by extension 'python'
[0.448s] Level 1:colcon.colcon_core.package_identification:_identify(cache) by extensions ['python_setup_py']
[0.448s] Level 1:colcon.colcon_core.package_identification:_identify(cache) by extension 'python_setup_py'
[0.448s] Level 1:colcon.colcon_core.package_identification:_identify(cf2_pid_tuning_values) by extensions ['ignore', 'ignore_ament_install']
[0.448s] Level 1:colcon.colcon_core.package_identification:_identify(cf2_pid_tuning_values) by extension 'ignore'
[0.448s] Level 1:colcon.colcon_core.package_identification:_identify(cf2_pid_tuning_values) by extension 'ignore_ament_install'
[0.448s] Level 1:colcon.colcon_core.package_identification:_identify(cf2_pid_tuning_values) by extensions ['colcon_pkg']
[0.448s] Level 1:colcon.colcon_core.package_identification:_identify(cf2_pid_tuning_values) by extension 'colcon_pkg'
[0.448s] Level 1:colcon.colcon_core.package_identification:_identify(cf2_pid_tuning_values) by extensions ['colcon_meta']
[0.449s] Level 1:colcon.colcon_core.package_identification:_identify(cf2_pid_tuning_values) by extension 'colcon_meta'
[0.449s] Level 1:colcon.colcon_core.package_identification:_identify(cf2_pid_tuning_values) by extensions ['ros']
[0.449s] Level 1:colcon.colcon_core.package_identification:_identify(cf2_pid_tuning_values) by extension 'ros'
[0.449s] Level 1:colcon.colcon_core.package_identification:_identify(cf2_pid_tuning_values) by extensions ['cmake', 'python']
[0.449s] Level 1:colcon.colcon_core.package_identification:_identify(cf2_pid_tuning_values) by extension 'cmake'
[0.449s] Level 1:colcon.colcon_core.package_identification:_identify(cf2_pid_tuning_values) by extension 'python'
[0.449s] Level 1:colcon.colcon_core.package_identification:_identify(cf2_pid_tuning_values) by extensions ['python_setup_py']
[0.449s] Level 1:colcon.colcon_core.package_identification:_identify(cf2_pid_tuning_values) by extension 'python_setup_py'
[0.449s] Level 1:colcon.colcon_core.package_identification:_identify(cf2_tuning_flight_data) by extensions ['ignore', 'ignore_ament_install']
[0.449s] Level 1:colcon.colcon_core.package_identification:_identify(cf2_tuning_flight_data) by extension 'ignore'
[0.450s] Level 1:colcon.colcon_core.package_identification:_identify(cf2_tuning_flight_data) by extension 'ignore_ament_install'
[0.450s] Level 1:colcon.colcon_core.package_identification:_identify(cf2_tuning_flight_data) by extensions ['colcon_pkg']
[0.450s] Level 1:colcon.colcon_core.package_identification:_identify(cf2_tuning_flight_data) by extension 'colcon_pkg'
[0.450s] Level 1:colcon.colcon_core.package_identification:_identify(cf2_tuning_flight_data) by extensions ['colcon_meta']
[0.450s] Level 1:colcon.colcon_core.package_identification:_identify(cf2_tuning_flight_data) by extension 'colcon_meta'
[0.450s] Level 1:colcon.colcon_core.package_identification:_identify(cf2_tuning_flight_data) by extensions ['ros']
[0.450s] Level 1:colcon.colcon_core.package_identification:_identify(cf2_tuning_flight_data) by extension 'ros'
[0.450s] Level 1:colcon.colcon_core.package_identification:_identify(cf2_tuning_flight_data) by extensions ['cmake', 'python']
[0.450s] Level 1:colcon.colcon_core.package_identification:_identify(cf2_tuning_flight_data) by extension 'cmake'
[0.450s] Level 1:colcon.colcon_core.package_identification:_identify(cf2_tuning_flight_data) by extension 'python'
[0.450s] Level 1:colcon.colcon_core.package_identification:_identify(cf2_tuning_flight_data) by extensions ['python_setup_py']
[0.450s] Level 1:colcon.colcon_core.package_identification:_identify(cf2_tuning_flight_data) by extension 'python_setup_py'
[0.451s] Level 1:colcon.colcon_core.package_identification:_identify(cluster_data) by extensions ['ignore', 'ignore_ament_install']
[0.451s] Level 1:colcon.colcon_core.package_identification:_identify(cluster_data) by extension 'ignore'
[0.451s] Level 1:colcon.colcon_core.package_identification:_identify(cluster_data) by extension 'ignore_ament_install'
[0.451s] Level 1:colcon.colcon_core.package_identification:_identify(cluster_data) by extensions ['colcon_pkg']
[0.451s] Level 1:colcon.colcon_core.package_identification:_identify(cluster_data) by extension 'colcon_pkg'
[0.451s] Level 1:colcon.colcon_core.package_identification:_identify(cluster_data) by extensions ['colcon_meta']
[0.451s] Level 1:colcon.colcon_core.package_identification:_identify(cluster_data) by extension 'colcon_meta'
[0.451s] Level 1:colcon.colcon_core.package_identification:_identify(cluster_data) by extensions ['ros']
[0.452s] Level 1:colcon.colcon_core.package_identification:_identify(cluster_data) by extension 'ros'
[0.452s] Level 1:colcon.colcon_core.package_identification:_identify(cluster_data) by extensions ['cmake', 'python']
[0.452s] Level 1:colcon.colcon_core.package_identification:_identify(cluster_data) by extension 'cmake'
[0.452s] Level 1:colcon.colcon_core.package_identification:_identify(cluster_data) by extension 'python'
[0.452s] Level 1:colcon.colcon_core.package_identification:_identify(cluster_data) by extensions ['python_setup_py']
[0.452s] Level 1:colcon.colcon_core.package_identification:_identify(cluster_data) by extension 'python_setup_py'
[0.452s] Level 1:colcon.colcon_core.package_identification:_identify(data) by extensions ['ignore', 'ignore_ament_install']
[0.453s] Level 1:colcon.colcon_core.package_identification:_identify(data) by extension 'ignore'
[0.453s] Level 1:colcon.colcon_core.package_identification:_identify(data) by extension 'ignore_ament_install'
[0.453s] Level 1:colcon.colcon_core.package_identification:_identify(data) by extensions ['colcon_pkg']
[0.453s] Level 1:colcon.colcon_core.package_identification:_identify(data) by extension 'colcon_pkg'
[0.453s] Level 1:colcon.colcon_core.package_identification:_identify(data) by extensions ['colcon_meta']
[0.453s] Level 1:colcon.colcon_core.package_identification:_identify(data) by extension 'colcon_meta'
[0.453s] Level 1:colcon.colcon_core.package_identification:_identify(data) by extensions ['ros']
[0.453s] Level 1:colcon.colcon_core.package_identification:_identify(data) by extension 'ros'
[0.453s] Level 1:colcon.colcon_core.package_identification:_identify(data) by extensions ['cmake', 'python']
[0.453s] Level 1:colcon.colcon_core.package_identification:_identify(data) by extension 'cmake'
[0.453s] Level 1:colcon.colcon_core.package_identification:_identify(data) by extension 'python'
[0.453s] Level 1:colcon.colcon_core.package_identification:_identify(data) by extensions ['python_setup_py']
[0.454s] Level 1:colcon.colcon_core.package_identification:_identify(data) by extension 'python_setup_py'
[0.454s] Level 1:colcon.colcon_core.package_identification:_identify(install) by extensions ['ignore', 'ignore_ament_install']
[0.454s] Level 1:colcon.colcon_core.package_identification:_identify(install) by extension 'ignore'
[0.454s] Level 1:colcon.colcon_core.package_identification:_identify(install) ignored
[0.454s] Level 1:colcon.colcon_core.package_identification:_identify(launch) by extensions ['ignore', 'ignore_ament_install']
[0.454s] Level 1:colcon.colcon_core.package_identification:_identify(launch) by extension 'ignore'
[0.454s] Level 1:colcon.colcon_core.package_identification:_identify(launch) by extension 'ignore_ament_install'
[0.454s] Level 1:colcon.colcon_core.package_identification:_identify(launch) by extensions ['colcon_pkg']
[0.454s] Level 1:colcon.colcon_core.package_identification:_identify(launch) by extension 'colcon_pkg'
[0.455s] Level 1:colcon.colcon_core.package_identification:_identify(launch) by extensions ['colcon_meta']
[0.455s] Level 1:colcon.colcon_core.package_identification:_identify(launch) by extension 'colcon_meta'
[0.455s] Level 1:colcon.colcon_core.package_identification:_identify(launch) by extensions ['ros']
[0.455s] Level 1:colcon.colcon_core.package_identification:_identify(launch) by extension 'ros'
[0.455s] Level 1:colcon.colcon_core.package_identification:_identify(launch) by extensions ['cmake', 'python']
[0.455s] Level 1:colcon.colcon_core.package_identification:_identify(launch) by extension 'cmake'
[0.455s] Level 1:colcon.colcon_core.package_identification:_identify(launch) by extension 'python'
[0.455s] Level 1:colcon.colcon_core.package_identification:_identify(launch) by extensions ['python_setup_py']
[0.455s] Level 1:colcon.colcon_core.package_identification:_identify(launch) by extension 'python_setup_py'
[0.455s] Level 1:colcon.colcon_core.package_identification:_identify(launch/__pycache__) by extensions ['ignore', 'ignore_ament_install']
[0.455s] Level 1:colcon.colcon_core.package_identification:_identify(launch/__pycache__) by extension 'ignore'
[0.456s] Level 1:colcon.colcon_core.package_identification:_identify(launch/__pycache__) by extension 'ignore_ament_install'
[0.456s] Level 1:colcon.colcon_core.package_identification:_identify(launch/__pycache__) by extensions ['colcon_pkg']
[0.456s] Level 1:colcon.colcon_core.package_identification:_identify(launch/__pycache__) by extension 'colcon_pkg'
[0.456s] Level 1:colcon.colcon_core.package_identification:_identify(launch/__pycache__) by extensions ['colcon_meta']
[0.456s] Level 1:colcon.colcon_core.package_identification:_identify(launch/__pycache__) by extension 'colcon_meta'
[0.456s] Level 1:colcon.colcon_core.package_identification:_identify(launch/__pycache__) by extensions ['ros']
[0.456s] Level 1:colcon.colcon_core.package_identification:_identify(launch/__pycache__) by extension 'ros'
[0.456s] Level 1:colcon.colcon_core.package_identification:_identify(launch/__pycache__) by extensions ['cmake', 'python']
[0.456s] Level 1:colcon.colcon_core.package_identification:_identify(launch/__pycache__) by extension 'cmake'
[0.456s] Level 1:colcon.colcon_core.package_identification:_identify(launch/__pycache__) by extension 'python'
[0.456s] Level 1:colcon.colcon_core.package_identification:_identify(launch/__pycache__) by extensions ['python_setup_py']
[0.456s] Level 1:colcon.colcon_core.package_identification:_identify(launch/__pycache__) by extension 'python_setup_py'
[0.457s] Level 1:colcon.colcon_core.package_identification:_identify(launch/cache) by extensions ['ignore', 'ignore_ament_install']
[0.457s] Level 1:colcon.colcon_core.package_identification:_identify(launch/cache) by extension 'ignore'
[0.457s] Level 1:colcon.colcon_core.package_identification:_identify(launch/cache) by extension 'ignore_ament_install'
[0.457s] Level 1:colcon.colcon_core.package_identification:_identify(launch/cache) by extensions ['colcon_pkg']
[0.457s] Level 1:colcon.colcon_core.package_identification:_identify(launch/cache) by extension 'colcon_pkg'
[0.457s] Level 1:colcon.colcon_core.package_identification:_identify(launch/cache) by extensions ['colcon_meta']
[0.457s] Level 1:colcon.colcon_core.package_identification:_identify(launch/cache) by extension 'colcon_meta'
[0.457s] Level 1:colcon.colcon_core.package_identification:_identify(launch/cache) by extensions ['ros']
[0.457s] Level 1:colcon.colcon_core.package_identification:_identify(launch/cache) by extension 'ros'
[0.457s] Level 1:colcon.colcon_core.package_identification:_identify(launch/cache) by extensions ['cmake', 'python']
[0.457s] Level 1:colcon.colcon_core.package_identification:_identify(launch/cache) by extension 'cmake'
[0.457s] Level 1:colcon.colcon_core.package_identification:_identify(launch/cache) by extension 'python'
[0.457s] Level 1:colcon.colcon_core.package_identification:_identify(launch/cache) by extensions ['python_setup_py']
[0.458s] Level 1:colcon.colcon_core.package_identification:_identify(launch/cache) by extension 'python_setup_py'
[0.458s] Level 1:colcon.colcon_core.package_identification:_identify(launch/cluster_data) by extensions ['ignore', 'ignore_ament_install']
[0.458s] Level 1:colcon.colcon_core.package_identification:_identify(launch/cluster_data) by extension 'ignore'
[0.458s] Level 1:colcon.colcon_core.package_identification:_identify(launch/cluster_data) by extension 'ignore_ament_install'
[0.458s] Level 1:colcon.colcon_core.package_identification:_identify(launch/cluster_data) by extensions ['colcon_pkg']
[0.458s] Level 1:colcon.colcon_core.package_identification:_identify(launch/cluster_data) by extension 'colcon_pkg'
[0.458s] Level 1:colcon.colcon_core.package_identification:_identify(launch/cluster_data) by extensions ['colcon_meta']
[0.458s] Level 1:colcon.colcon_core.package_identification:_identify(launch/cluster_data) by extension 'colcon_meta'
[0.458s] Level 1:colcon.colcon_core.package_identification:_identify(launch/cluster_data) by extensions ['ros']
[0.458s] Level 1:colcon.colcon_core.package_identification:_identify(launch/cluster_data) by extension 'ros'
[0.458s] Level 1:colcon.colcon_core.package_identification:_identify(launch/cluster_data) by extensions ['cmake', 'python']
[0.459s] Level 1:colcon.colcon_core.package_identification:_identify(launch/cluster_data) by extension 'cmake'
[0.459s] Level 1:colcon.colcon_core.package_identification:_identify(launch/cluster_data) by extension 'python'
[0.459s] Level 1:colcon.colcon_core.package_identification:_identify(launch/cluster_data) by extensions ['python_setup_py']
[0.459s] Level 1:colcon.colcon_core.package_identification:_identify(launch/cluster_data) by extension 'python_setup_py'
[0.459s] Level 1:colcon.colcon_core.package_identification:_identify(launch/data) by extensions ['ignore', 'ignore_ament_install']
[0.459s] Level 1:colcon.colcon_core.package_identification:_identify(launch/data) by extension 'ignore'
[0.459s] Level 1:colcon.colcon_core.package_identification:_identify(launch/data) by extension 'ignore_ament_install'
[0.459s] Level 1:colcon.colcon_core.package_identification:_identify(launch/data) by extensions ['colcon_pkg']
[0.459s] Level 1:colcon.colcon_core.package_identification:_identify(launch/data) by extension 'colcon_pkg'
[0.459s] Level 1:colcon.colcon_core.package_identification:_identify(launch/data) by extensions ['colcon_meta']
[0.460s] Level 1:colcon.colcon_core.package_identification:_identify(launch/data) by extension 'colcon_meta'
[0.460s] Level 1:colcon.colcon_core.package_identification:_identify(launch/data) by extensions ['ros']
[0.460s] Level 1:colcon.colcon_core.package_identification:_identify(launch/data) by extension 'ros'
[0.460s] Level 1:colcon.colcon_core.package_identification:_identify(launch/data) by extensions ['cmake', 'python']
[0.460s] Level 1:colcon.colcon_core.package_identification:_identify(launch/data) by extension 'cmake'
[0.460s] Level 1:colcon.colcon_core.package_identification:_identify(launch/data) by extension 'python'
[0.460s] Level 1:colcon.colcon_core.package_identification:_identify(launch/data) by extensions ['python_setup_py']
[0.460s] Level 1:colcon.colcon_core.package_identification:_identify(launch/data) by extension 'python_setup_py'
[0.462s] Level 1:colcon.colcon_core.package_identification:_identify(log) by extensions ['ignore', 'ignore_ament_install']
[0.462s] Level 1:colcon.colcon_core.package_identification:_identify(log) by extension 'ignore'
[0.462s] Level 1:colcon.colcon_core.package_identification:_identify(log) ignored
[0.462s] Level 1:colcon.colcon_core.package_identification:_identify(optitrack_data_raw) by extensions ['ignore', 'ignore_ament_install']
[0.462s] Level 1:colcon.colcon_core.package_identification:_identify(optitrack_data_raw) by extension 'ignore'
[0.463s] Level 1:colcon.colcon_core.package_identification:_identify(optitrack_data_raw) by extension 'ignore_ament_install'
[0.463s] Level 1:colcon.colcon_core.package_identification:_identify(optitrack_data_raw) by extensions ['colcon_pkg']
[0.463s] Level 1:colcon.colcon_core.package_identification:_identify(optitrack_data_raw) by extension 'colcon_pkg'
[0.463s] Level 1:colcon.colcon_core.package_identification:_identify(optitrack_data_raw) by extensions ['colcon_meta']
[0.463s] Level 1:colcon.colcon_core.package_identification:_identify(optitrack_data_raw) by extension 'colcon_meta'
[0.463s] Level 1:colcon.colcon_core.package_identification:_identify(optitrack_data_raw) by extensions ['ros']
[0.463s] Level 1:colcon.colcon_core.package_identification:_identify(optitrack_data_raw) by extension 'ros'
[0.463s] Level 1:colcon.colcon_core.package_identification:_identify(optitrack_data_raw) by extensions ['cmake', 'python']
[0.463s] Level 1:colcon.colcon_core.package_identification:_identify(optitrack_data_raw) by extension 'cmake'
[0.463s] Level 1:colcon.colcon_core.package_identification:_identify(optitrack_data_raw) by extension 'python'
[0.463s] Level 1:colcon.colcon_core.package_identification:_identify(optitrack_data_raw) by extensions ['python_setup_py']
[0.463s] Level 1:colcon.colcon_core.package_identification:_identify(optitrack_data_raw) by extension 'python_setup_py'
[0.464s] Level 1:colcon.colcon_core.package_identification:_identify(optitrack_data_stats) by extensions ['ignore', 'ignore_ament_install']
[0.464s] Level 1:colcon.colcon_core.package_identification:_identify(optitrack_data_stats) by extension 'ignore'
[0.464s] Level 1:colcon.colcon_core.package_identification:_identify(optitrack_data_stats) by extension 'ignore_ament_install'
[0.464s] Level 1:colcon.colcon_core.package_identification:_identify(optitrack_data_stats) by extensions ['colcon_pkg']
[0.464s] Level 1:colcon.colcon_core.package_identification:_identify(optitrack_data_stats) by extension 'colcon_pkg'
[0.464s] Level 1:colcon.colcon_core.package_identification:_identify(optitrack_data_stats) by extensions ['colcon_meta']
[0.464s] Level 1:colcon.colcon_core.package_identification:_identify(optitrack_data_stats) by extension 'colcon_meta'
[0.464s] Level 1:colcon.colcon_core.package_identification:_identify(optitrack_data_stats) by extensions ['ros']
[0.464s] Level 1:colcon.colcon_core.package_identification:_identify(optitrack_data_stats) by extension 'ros'
[0.464s] Level 1:colcon.colcon_core.package_identification:_identify(optitrack_data_stats) by extensions ['cmake', 'python']
[0.465s] Level 1:colcon.colcon_core.package_identification:_identify(optitrack_data_stats) by extension 'cmake'
[0.465s] Level 1:colcon.colcon_core.package_identification:_identify(optitrack_data_stats) by extension 'python'
[0.465s] Level 1:colcon.colcon_core.package_identification:_identify(optitrack_data_stats) by extensions ['python_setup_py']
[0.465s] Level 1:colcon.colcon_core.package_identification:_identify(optitrack_data_stats) by extension 'python_setup_py'
[0.465s] Level 1:colcon.colcon_core.package_identification:_identify(optitrack_old_data) by extensions ['ignore', 'ignore_ament_install']
[0.465s] Level 1:colcon.colcon_core.package_identification:_identify(optitrack_old_data) by extension 'ignore'
[0.465s] Level 1:colcon.colcon_core.package_identification:_identify(optitrack_old_data) by extension 'ignore_ament_install'
[0.465s] Level 1:colcon.colcon_core.package_identification:_identify(optitrack_old_data) by extensions ['colcon_pkg']
[0.465s] Level 1:colcon.colcon_core.package_identification:_identify(optitrack_old_data) by extension 'colcon_pkg'
[0.465s] Level 1:colcon.colcon_core.package_identification:_identify(optitrack_old_data) by extensions ['colcon_meta']
[0.465s] Level 1:colcon.colcon_core.package_identification:_identify(optitrack_old_data) by extension 'colcon_meta'
[0.466s] Level 1:colcon.colcon_core.package_identification:_identify(optitrack_old_data) by extensions ['ros']
[0.466s] Level 1:colcon.colcon_core.package_identification:_identify(optitrack_old_data) by extension 'ros'
[0.466s] Level 1:colcon.colcon_core.package_identification:_identify(optitrack_old_data) by extensions ['cmake', 'python']
[0.466s] Level 1:colcon.colcon_core.package_identification:_identify(optitrack_old_data) by extension 'cmake'
[0.466s] Level 1:colcon.colcon_core.package_identification:_identify(optitrack_old_data) by extension 'python'
[0.466s] Level 1:colcon.colcon_core.package_identification:_identify(optitrack_old_data) by extensions ['python_setup_py']
[0.466s] Level 1:colcon.colcon_core.package_identification:_identify(optitrack_old_data) by extension 'python_setup_py'
[0.466s] Level 1:colcon.colcon_core.package_identification:_identify(optitrack_old_stats) by extensions ['ignore', 'ignore_ament_install']
[0.466s] Level 1:colcon.colcon_core.package_identification:_identify(optitrack_old_stats) by extension 'ignore'
[0.466s] Level 1:colcon.colcon_core.package_identification:_identify(optitrack_old_stats) by extension 'ignore_ament_install'
[0.467s] Level 1:colcon.colcon_core.package_identification:_identify(optitrack_old_stats) by extensions ['colcon_pkg']
[0.467s] Level 1:colcon.colcon_core.package_identification:_identify(optitrack_old_stats) by extension 'colcon_pkg'
[0.467s] Level 1:colcon.colcon_core.package_identification:_identify(optitrack_old_stats) by extensions ['colcon_meta']
[0.467s] Level 1:colcon.colcon_core.package_identification:_identify(optitrack_old_stats) by extension 'colcon_meta'
[0.467s] Level 1:colcon.colcon_core.package_identification:_identify(optitrack_old_stats) by extensions ['ros']
[0.467s] Level 1:colcon.colcon_core.package_identification:_identify(optitrack_old_stats) by extension 'ros'
[0.467s] Level 1:colcon.colcon_core.package_identification:_identify(optitrack_old_stats) by extensions ['cmake', 'python']
[0.467s] Level 1:colcon.colcon_core.package_identification:_identify(optitrack_old_stats) by extension 'cmake'
[0.467s] Level 1:colcon.colcon_core.package_identification:_identify(optitrack_old_stats) by extension 'python'
[0.467s] Level 1:colcon.colcon_core.package_identification:_identify(optitrack_old_stats) by extensions ['python_setup_py']
[0.467s] Level 1:colcon.colcon_core.package_identification:_identify(optitrack_old_stats) by extension 'python_setup_py'
[0.467s] Level 1:colcon.colcon_core.package_identification:_identify(plotjuggler_configs) by extensions ['ignore', 'ignore_ament_install']
[0.468s] Level 1:colcon.colcon_core.package_identification:_identify(plotjuggler_configs) by extension 'ignore'
[0.468s] Level 1:colcon.colcon_core.package_identification:_identify(plotjuggler_configs) by extension 'ignore_ament_install'
[0.468s] Level 1:colcon.colcon_core.package_identification:_identify(plotjuggler_configs) by extensions ['colcon_pkg']
[0.468s] Level 1:colcon.colcon_core.package_identification:_identify(plotjuggler_configs) by extension 'colcon_pkg'
[0.468s] Level 1:colcon.colcon_core.package_identification:_identify(plotjuggler_configs) by extensions ['colcon_meta']
[0.468s] Level 1:colcon.colcon_core.package_identification:_identify(plotjuggler_configs) by extension 'colcon_meta'
[0.468s] Level 1:colcon.colcon_core.package_identification:_identify(plotjuggler_configs) by extensions ['ros']
[0.468s] Level 1:colcon.colcon_core.package_identification:_identify(plotjuggler_configs) by extension 'ros'
[0.468s] Level 1:colcon.colcon_core.package_identification:_identify(plotjuggler_configs) by extensions ['cmake', 'python']
[0.468s] Level 1:colcon.colcon_core.package_identification:_identify(plotjuggler_configs) by extension 'cmake'
[0.468s] Level 1:colcon.colcon_core.package_identification:_identify(plotjuggler_configs) by extension 'python'
[0.468s] Level 1:colcon.colcon_core.package_identification:_identify(plotjuggler_configs) by extensions ['python_setup_py']
[0.468s] Level 1:colcon.colcon_core.package_identification:_identify(plotjuggler_configs) by extension 'python_setup_py'
[0.469s] Level 1:colcon.colcon_core.package_identification:_identify(src) by extensions ['ignore', 'ignore_ament_install']
[0.469s] Level 1:colcon.colcon_core.package_identification:_identify(src) by extension 'ignore'
[0.469s] Level 1:colcon.colcon_core.package_identification:_identify(src) by extension 'ignore_ament_install'
[0.469s] Level 1:colcon.colcon_core.package_identification:_identify(src) by extensions ['colcon_pkg']
[0.469s] Level 1:colcon.colcon_core.package_identification:_identify(src) by extension 'colcon_pkg'
[0.469s] Level 1:colcon.colcon_core.package_identification:_identify(src) by extensions ['colcon_meta']
[0.469s] Level 1:colcon.colcon_core.package_identification:_identify(src) by extension 'colcon_meta'
[0.469s] Level 1:colcon.colcon_core.package_identification:_identify(src) by extensions ['ros']
[0.469s] Level 1:colcon.colcon_core.package_identification:_identify(src) by extension 'ros'
[0.469s] Level 1:colcon.colcon_core.package_identification:_identify(src) by extensions ['cmake', 'python']
[0.469s] Level 1:colcon.colcon_core.package_identification:_identify(src) by extension 'cmake'
[0.469s] Level 1:colcon.colcon_core.package_identification:_identify(src) by extension 'python'
[0.470s] Level 1:colcon.colcon_core.package_identification:_identify(src) by extensions ['python_setup_py']
[0.470s] Level 1:colcon.colcon_core.package_identification:_identify(src) by extension 'python_setup_py'
[0.470s] Level 1:colcon.colcon_core.package_identification:_identify(src/controller_core) by extensions ['ignore', 'ignore_ament_install']
[0.470s] Level 1:colcon.colcon_core.package_identification:_identify(src/controller_core) by extension 'ignore'
[0.470s] Level 1:colcon.colcon_core.package_identification:_identify(src/controller_core) by extension 'ignore_ament_install'
[0.470s] Level 1:colcon.colcon_core.package_identification:_identify(src/controller_core) by extensions ['colcon_pkg']
[0.470s] Level 1:colcon.colcon_core.package_identification:_identify(src/controller_core) by extension 'colcon_pkg'
[0.470s] Level 1:colcon.colcon_core.package_identification:_identify(src/controller_core) by extensions ['colcon_meta']
[0.470s] Level 1:colcon.colcon_core.package_identification:_identify(src/controller_core) by extension 'colcon_meta'
[0.470s] Level 1:colcon.colcon_core.package_identification:_identify(src/controller_core) by extensions ['ros']
[0.470s] Level 1:colcon.colcon_core.package_identification:_identify(src/controller_core) by extension 'ros'
[0.474s] DEBUG:colcon.colcon_core.package_identification:Package 'src/controller_core' with type 'ros.ament_python' and name 'controller_core'
[0.474s] Level 1:colcon.colcon_core.package_identification:_identify(src/crazyfly_core) by extensions ['ignore', 'ignore_ament_install']
[0.475s] Level 1:colcon.colcon_core.package_identification:_identify(src/crazyfly_core) by extension 'ignore'
[0.475s] Level 1:colcon.colcon_core.package_identification:_identify(src/crazyfly_core) by extension 'ignore_ament_install'
[0.475s] Level 1:colcon.colcon_core.package_identification:_identify(src/crazyfly_core) by extensions ['colcon_pkg']
[0.475s] Level 1:colcon.colcon_core.package_identification:_identify(src/crazyfly_core) by extension 'colcon_pkg'
[0.475s] Level 1:colcon.colcon_core.package_identification:_identify(src/crazyfly_core) by extensions ['colcon_meta']
[0.475s] Level 1:colcon.colcon_core.package_identification:_identify(src/crazyfly_core) by extension 'colcon_meta'
[0.475s] Level 1:colcon.colcon_core.package_identification:_identify(src/crazyfly_core) by extensions ['ros']
[0.475s] Level 1:colcon.colcon_core.package_identification:_identify(src/crazyfly_core) by extension 'ros'
[0.476s] DEBUG:colcon.colcon_core.package_identification:Package 'src/crazyfly_core' with type 'ros.ament_python' and name 'crazyfly_core'
[0.476s] Level 1:colcon.colcon_core.package_identification:_identify(src/optitrack_core) by extensions ['ignore', 'ignore_ament_install']
[0.476s] Level 1:colcon.colcon_core.package_identification:_identify(src/optitrack_core) by extension 'ignore'
[0.476s] Level 1:colcon.colcon_core.package_identification:_identify(src/optitrack_core) by extension 'ignore_ament_install'
[0.476s] Level 1:colcon.colcon_core.package_identification:_identify(src/optitrack_core) by extensions ['colcon_pkg']
[0.477s] Level 1:colcon.colcon_core.package_identification:_identify(src/optitrack_core) by extension 'colcon_pkg'
[0.477s] Level 1:colcon.colcon_core.package_identification:_identify(src/optitrack_core) by extensions ['colcon_meta']
[0.477s] Level 1:colcon.colcon_core.package_identification:_identify(src/optitrack_core) by extension 'colcon_meta'
[0.477s] Level 1:colcon.colcon_core.package_identification:_identify(src/optitrack_core) by extensions ['ros']
[0.477s] Level 1:colcon.colcon_core.package_identification:_identify(src/optitrack_core) by extension 'ros'
[0.477s] DEBUG:colcon.colcon_core.package_identification:Package 'src/optitrack_core' with type 'ros.ament_python' and name 'optitrack_core'
[0.478s] Level 1:colcon.colcon_core.package_discovery:discover_packages(recursive) using defaults
[0.478s] Level 1:colcon.colcon_core.package_discovery:discover_packages(ignore) discover
[0.478s] Level 1:colcon.colcon_core.package_discovery:discover_packages(ignore) using defaults
[0.478s] Level 1:colcon.colcon_core.package_discovery:discover_packages(path) discover
[0.478s] Level 1:colcon.colcon_core.package_discovery:discover_packages(path) using defaults
[0.531s] Level 1:colcon.colcon_core.package_discovery:discover_packages(prefix_path) check parameters
[0.531s] Level 1:colcon.colcon_core.package_discovery:discover_packages(prefix_path) discover
[0.534s] DEBUG:colcon.colcon_installed_package_information.package_discovery:Found 3 installed packages in /home/rsl/crazyfly_ws/install
[0.536s] DEBUG:colcon.colcon_installed_package_information.package_discovery:Found 273 installed packages in /opt/ros/humble
[0.537s] Level 1:colcon.colcon_core.package_discovery:discover_packages(prefix_path) using defaults
[0.600s] Level 5:colcon.colcon_core.verb:set package 'controller_core' build argument 'cmake_args' from command line to 'None'
[0.600s] Level 5:colcon.colcon_core.verb:set package 'controller_core' build argument 'cmake_target' from command line to 'None'
[0.601s] Level 5:colcon.colcon_core.verb:set package 'controller_core' build argument 'cmake_target_skip_unavailable' from command line to 'False'
[0.601s] Level 5:colcon.colcon_core.verb:set package 'controller_core' build argument 'cmake_clean_cache' from command line to 'False'
[0.601s] Level 5:colcon.colcon_core.verb:set package 'controller_core' build argument 'cmake_clean_first' from command line to 'False'
[0.601s] Level 5:colcon.colcon_core.verb:set package 'controller_core' build argument 'cmake_force_configure' from command line to 'False'
[0.601s] Level 5:colcon.colcon_core.verb:set package 'controller_core' build argument 'ament_cmake_args' from command line to 'None'
[0.601s] Level 5:colcon.colcon_core.verb:set package 'controller_core' build argument 'catkin_cmake_args' from command line to 'None'
[0.601s] Level 5:colcon.colcon_core.verb:set package 'controller_core' build argument 'catkin_skip_building_tests' from command line to 'False'
[0.601s] DEBUG:colcon.colcon_core.verb:Building package 'controller_core' with the following arguments: {'ament_cmake_args': None, 'build_base': '/home/rsl/crazyfly_ws/build/controller_core', 'catkin_cmake_args': None, 'catkin_skip_building_tests': False, 'cmake_args': None, 'cmake_clean_cache': False, 'cmake_clean_first': False, 'cmake_force_configure': False, 'cmake_target': None, 'cmake_target_skip_unavailable': False, 'install_base': '/home/rsl/crazyfly_ws/install/controller_core', 'merge_install': False, 'path': '/home/rsl/crazyfly_ws/src/controller_core', 'symlink_install': False, 'test_result_base': None}
[0.602s] Level 5:colcon.colcon_core.verb:set package 'crazyfly_core' build argument 'cmake_args' from command line to 'None'
[0.602s] Level 5:colcon.colcon_core.verb:set package 'crazyfly_core' build argument 'cmake_target' from command line to 'None'
[0.602s] Level 5:colcon.colcon_core.verb:set package 'crazyfly_core' build argument 'cmake_target_skip_unavailable' from command line to 'False'
[0.602s] Level 5:colcon.colcon_core.verb:set package 'crazyfly_core' build argument 'cmake_clean_cache' from command line to 'False'
[0.602s] Level 5:colcon.colcon_core.verb:set package 'crazyfly_core' build argument 'cmake_clean_first' from command line to 'False'
[0.602s] Level 5:colcon.colcon_core.verb:set package 'crazyfly_core' build argument 'cmake_force_configure' from command line to 'False'
[0.602s] Level 5:colcon.colcon_core.verb:set package 'crazyfly_core' build argument 'ament_cmake_args' from command line to 'None'
[0.602s] Level 5:colcon.colcon_core.verb:set package 'crazyfly_core' build argument 'catkin_cmake_args' from command line to 'None'
[0.602s] Level 5:colcon.colcon_core.verb:set package 'crazyfly_core' build argument 'catkin_skip_building_tests' from command line to 'False'
[0.602s] DEBUG:colcon.colcon_core.verb:Building package 'crazyfly_core' with the following arguments: {'ament_cmake_args': None, 'build_base': '/home/rsl/crazyfly_ws/build/crazyfly_core', 'catkin_cmake_args': None, 'catkin_skip_building_tests': False, 'cmake_args': None, 'cmake_clean_cache': False, 'cmake_clean_first': False, 'cmake_force_configure': False, 'cmake_target': None, 'cmake_target_skip_unavailable': False, 'install_base': '/home/rsl/crazyfly_ws/install/crazyfly_core', 'merge_install': False, 'path': '/home/rsl/crazyfly_ws/src/crazyfly_core', 'symlink_install': False, 'test_result_base': None}
[0.603s] Level 5:colcon.colcon_core.verb:set package 'optitrack_core' build argument 'cmake_args' from command line to 'None'
[0.603s] Level 5:colcon.colcon_core.verb:set package 'optitrack_core' build argument 'cmake_target' from command line to 'None'
[0.603s] Level 5:colcon.colcon_core.verb:set package 'optitrack_core' build argument 'cmake_target_skip_unavailable' from command line to 'False'
[0.603s] Level 5:colcon.colcon_core.verb:set package 'optitrack_core' build argument 'cmake_clean_cache' from command line to 'False'
[0.603s] Level 5:colcon.colcon_core.verb:set package 'optitrack_core' build argument 'cmake_clean_first' from command line to 'False'
[0.603s] Level 5:colcon.colcon_core.verb:set package 'optitrack_core' build argument 'cmake_force_configure' from command line to 'False'
[0.603s] Level 5:colcon.colcon_core.verb:set package 'optitrack_core' build argument 'ament_cmake_args' from command line to 'None'
[0.603s] Level 5:colcon.colcon_core.verb:set package 'optitrack_core' build argument 'catkin_cmake_args' from command line to 'None'
[0.603s] Level 5:colcon.colcon_core.verb:set package 'optitrack_core' build argument 'catkin_skip_building_tests' from command line to 'False'
[0.603s] DEBUG:colcon.colcon_core.verb:Building package 'optitrack_core' with the following arguments: {'ament_cmake_args': None, 'build_base': '/home/rsl/crazyfly_ws/build/optitrack_core', 'catkin_cmake_args': None, 'catkin_skip_building_tests': False, 'cmake_args': None, 'cmake_clean_cache': False, 'cmake_clean_first': False, 'cmake_force_configure': False, 'cmake_target': None, 'cmake_target_skip_unavailable': False, 'install_base': '/home/rsl/crazyfly_ws/install/optitrack_core', 'merge_install': False, 'path': '/home/rsl/crazyfly_ws/src/optitrack_core', 'symlink_install': False, 'test_result_base': None}
[0.603s] INFO:colcon.colcon_core.executor:Executing jobs using 'parallel' executor
[0.605s] DEBUG:colcon.colcon_parallel_executor.executor.parallel:run_until_complete
[0.605s] INFO:colcon.colcon_ros.task.ament_python.build:Building ROS package in '/home/rsl/crazyfly_ws/src/controller_core' with build type 'ament_python'
[0.605s] Level 1:colcon.colcon_core.shell:create_environment_hook('controller_core', 'ament_prefix_path')
[0.607s] INFO:colcon.colcon_core.plugin_system:Skipping extension 'colcon_core.shell.bat': Not used on non-Windows systems
[0.607s] INFO:colcon.colcon_core.shell:Creating environment hook '/home/rsl/crazyfly_ws/install/controller_core/share/controller_core/hook/ament_prefix_path.ps1'
[0.608s] INFO:colcon.colcon_core.shell:Creating environment descriptor '/home/rsl/crazyfly_ws/install/controller_core/share/controller_core/hook/ament_prefix_path.dsv'
[0.609s] INFO:colcon.colcon_core.shell:Creating environment hook '/home/rsl/crazyfly_ws/install/controller_core/share/controller_core/hook/ament_prefix_path.sh'
[0.610s] INFO:colcon.colcon_core.shell:Skip shell extension 'powershell' for command environment: Not usable outside of PowerShell
[0.610s] DEBUG:colcon.colcon_core.shell:Skip shell extension 'dsv' for command environment
[0.613s] INFO:colcon.colcon_ros.task.ament_python.build:Building ROS package in '/home/rsl/crazyfly_ws/src/crazyfly_core' with build type 'ament_python'
[0.613s] Level 1:colcon.colcon_core.shell:create_environment_hook('crazyfly_core', 'ament_prefix_path')
[0.614s] INFO:colcon.colcon_core.shell:Creating environment hook '/home/rsl/crazyfly_ws/install/crazyfly_core/share/crazyfly_core/hook/ament_prefix_path.ps1'
[0.614s] INFO:colcon.colcon_core.shell:Creating environment descriptor '/home/rsl/crazyfly_ws/install/crazyfly_core/share/crazyfly_core/hook/ament_prefix_path.dsv'
[0.615s] INFO:colcon.colcon_core.shell:Creating environment hook '/home/rsl/crazyfly_ws/install/crazyfly_core/share/crazyfly_core/hook/ament_prefix_path.sh'
[0.615s] INFO:colcon.colcon_core.shell:Skip shell extension 'powershell' for command environment: Not usable outside of PowerShell
[0.615s] DEBUG:colcon.colcon_core.shell:Skip shell extension 'dsv' for command environment
[0.618s] INFO:colcon.colcon_ros.task.ament_python.build:Building ROS package in '/home/rsl/crazyfly_ws/src/optitrack_core' with build type 'ament_python'
[0.618s] Level 1:colcon.colcon_core.shell:create_environment_hook('optitrack_core', 'ament_prefix_path')
[0.619s] INFO:colcon.colcon_core.shell:Creating environment hook '/home/rsl/crazyfly_ws/install/optitrack_core/share/optitrack_core/hook/ament_prefix_path.ps1'
[0.619s] INFO:colcon.colcon_core.shell:Creating environment descriptor '/home/rsl/crazyfly_ws/install/optitrack_core/share/optitrack_core/hook/ament_prefix_path.dsv'
[0.619s] INFO:colcon.colcon_core.shell:Creating environment hook '/home/rsl/crazyfly_ws/install/optitrack_core/share/optitrack_core/hook/ament_prefix_path.sh'
[0.620s] INFO:colcon.colcon_core.shell:Skip shell extension 'powershell' for command environment: Not usable outside of PowerShell
[0.620s] DEBUG:colcon.colcon_core.shell:Skip shell extension 'dsv' for command environment
[0.957s] INFO:colcon.colcon_core.task.python.build:Building Python package in '/home/rsl/crazyfly_ws/src/controller_core'
[0.957s] INFO:colcon.colcon_core.shell:Skip shell extension 'powershell' for command environment: Not usable outside of PowerShell
[0.957s] DEBUG:colcon.colcon_core.shell:Skip shell extension 'dsv' for command environment
[1.279s] INFO:colcon.colcon_core.task.python.build:Building Python package in '/home/rsl/crazyfly_ws/src/crazyfly_core'
[1.280s] INFO:colcon.colcon_core.shell:Skip shell extension 'powershell' for command environment: Not usable outside of PowerShell
[1.280s] DEBUG:colcon.colcon_core.shell:Skip shell extension 'dsv' for command environment
[1.593s] INFO:colcon.colcon_core.task.python.build:Building Python package in '/home/rsl/crazyfly_ws/src/optitrack_core'
[1.594s] INFO:colcon.colcon_core.shell:Skip shell extension 'powershell' for command environment: Not usable outside of PowerShell
[1.594s] DEBUG:colcon.colcon_core.shell:Skip shell extension 'dsv' for command environment
[2.039s] DEBUG:colcon.colcon_core.event_handler.log_command:Invoking command in '/home/rsl/crazyfly_ws/src/controller_core': PYTHONPATH=/home/rsl/crazyfly_ws/build/controller_core/prefix_override:/home/rsl/crazyfly_ws/install/controller_core/lib/python3.10/site-packages:${PYTHONPATH} /usr/bin/python3 -W ignore:setup.py install is deprecated setup.py egg_info --egg-base ../../build/controller_core build --build-base /home/rsl/crazyfly_ws/build/controller_core/build install --record /home/rsl/crazyfly_ws/build/controller_core/install.log --single-version-externally-managed install_data
[2.051s] DEBUG:colcon.colcon_core.event_handler.log_command:Invoking command in '/home/rsl/crazyfly_ws/src/optitrack_core': PYTHONPATH=/home/rsl/crazyfly_ws/build/optitrack_core/prefix_override:/home/rsl/crazyfly_ws/install/optitrack_core/lib/python3.10/site-packages:${PYTHONPATH} /usr/bin/python3 -W ignore:setup.py install is deprecated setup.py egg_info --egg-base ../../build/optitrack_core build --build-base /home/rsl/crazyfly_ws/build/optitrack_core/build install --record /home/rsl/crazyfly_ws/build/optitrack_core/install.log --single-version-externally-managed install_data
[2.054s] DEBUG:colcon.colcon_core.event_handler.log_command:Invoking command in '/home/rsl/crazyfly_ws/src/crazyfly_core': PYTHONPATH=/home/rsl/crazyfly_ws/build/crazyfly_core/prefix_override:/home/rsl/crazyfly_ws/install/crazyfly_core/lib/python3.10/site-packages:${PYTHONPATH} /usr/bin/python3 -W ignore:setup.py install is deprecated setup.py egg_info --egg-base ../../build/crazyfly_core build --build-base /home/rsl/crazyfly_ws/build/crazyfly_core/build install --record /home/rsl/crazyfly_ws/build/crazyfly_core/install.log --single-version-externally-managed install_data
[2.437s] DEBUG:colcon.colcon_core.event_handler.log_command:Invoked command in '/home/rsl/crazyfly_ws/src/optitrack_core' returned '0': PYTHONPATH=/home/rsl/crazyfly_ws/build/optitrack_core/prefix_override:/home/rsl/crazyfly_ws/install/optitrack_core/lib/python3.10/site-packages:${PYTHONPATH} /usr/bin/python3 -W ignore:setup.py install is deprecated setup.py egg_info --egg-base ../../build/optitrack_core build --build-base /home/rsl/crazyfly_ws/build/optitrack_core/build install --record /home/rsl/crazyfly_ws/build/optitrack_core/install.log --single-version-externally-managed install_data
[2.440s] Level 1:colcon.colcon_core.environment:checking '/home/rsl/crazyfly_ws/install/optitrack_core' for CMake module files
[2.441s] Level 1:colcon.colcon_core.environment:checking '/home/rsl/crazyfly_ws/install/optitrack_core' for CMake config files
[2.441s] Level 1:colcon.colcon_core.environment:checking '/home/rsl/crazyfly_ws/install/optitrack_core/lib'
[2.442s] Level 1:colcon.colcon_core.environment:checking '/home/rsl/crazyfly_ws/install/optitrack_core/bin'
[2.442s] Level 1:colcon.colcon_core.environment:checking '/home/rsl/crazyfly_ws/install/optitrack_core/lib/pkgconfig/optitrack_core.pc'
[2.442s] Level 1:colcon.colcon_core.environment:checking '/home/rsl/crazyfly_ws/install/optitrack_core/lib/python3.10/site-packages'
[2.442s] Level 1:colcon.colcon_core.shell:create_environment_hook('optitrack_core', 'pythonpath')
[2.442s] INFO:colcon.colcon_core.shell:Creating environment hook '/home/rsl/crazyfly_ws/install/optitrack_core/share/optitrack_core/hook/pythonpath.ps1'
[2.443s] INFO:colcon.colcon_core.shell:Creating environment descriptor '/home/rsl/crazyfly_ws/install/optitrack_core/share/optitrack_core/hook/pythonpath.dsv'
[2.443s] INFO:colcon.colcon_core.shell:Creating environment hook '/home/rsl/crazyfly_ws/install/optitrack_core/share/optitrack_core/hook/pythonpath.sh'
[2.444s] Level 1:colcon.colcon_core.environment:checking '/home/rsl/crazyfly_ws/install/optitrack_core/bin'
[2.444s] Level 1:colcon.colcon_core.environment:create_environment_scripts_only(optitrack_core)
[2.444s] INFO:colcon.colcon_core.shell:Creating package script '/home/rsl/crazyfly_ws/install/optitrack_core/share/optitrack_core/package.ps1'
[2.445s] INFO:colcon.colcon_core.shell:Creating package descriptor '/home/rsl/crazyfly_ws/install/optitrack_core/share/optitrack_core/package.dsv'
[2.446s] INFO:colcon.colcon_core.shell:Creating package script '/home/rsl/crazyfly_ws/install/optitrack_core/share/optitrack_core/package.sh'
[2.447s] INFO:colcon.colcon_core.shell:Creating package script '/home/rsl/crazyfly_ws/install/optitrack_core/share/optitrack_core/package.bash'
[2.447s] INFO:colcon.colcon_core.shell:Creating package script '/home/rsl/crazyfly_ws/install/optitrack_core/share/optitrack_core/package.zsh'
[2.448s] Level 1:colcon.colcon_core.environment:create_file_with_runtime_dependencies(/home/rsl/crazyfly_ws/install/optitrack_core/share/colcon-core/packages/optitrack_core)
[2.450s] Level 1:colcon.colcon_core.environment:checking '/home/rsl/crazyfly_ws/install/crazyfly_core' for CMake module files
[2.451s] DEBUG:colcon.colcon_core.event_handler.log_command:Invoked command in '/home/rsl/crazyfly_ws/src/crazyfly_core' returned '0': PYTHONPATH=/home/rsl/crazyfly_ws/build/crazyfly_core/prefix_override:/home/rsl/crazyfly_ws/install/crazyfly_core/lib/python3.10/site-packages:${PYTHONPATH} /usr/bin/python3 -W ignore:setup.py install is deprecated setup.py egg_info --egg-base ../../build/crazyfly_core build --build-base /home/rsl/crazyfly_ws/build/crazyfly_core/build install --record /home/rsl/crazyfly_ws/build/crazyfly_core/install.log --single-version-externally-managed install_data
[2.451s] Level 1:colcon.colcon_core.environment:checking '/home/rsl/crazyfly_ws/install/crazyfly_core' for CMake config files
[2.452s] Level 1:colcon.colcon_core.environment:checking '/home/rsl/crazyfly_ws/install/crazyfly_core/lib'
[2.452s] Level 1:colcon.colcon_core.environment:checking '/home/rsl/crazyfly_ws/install/crazyfly_core/bin'
[2.452s] Level 1:colcon.colcon_core.environment:checking '/home/rsl/crazyfly_ws/install/crazyfly_core/lib/pkgconfig/crazyfly_core.pc'
[2.452s] Level 1:colcon.colcon_core.environment:checking '/home/rsl/crazyfly_ws/install/crazyfly_core/lib/python3.10/site-packages'
[2.452s] Level 1:colcon.colcon_core.shell:create_environment_hook('crazyfly_core', 'pythonpath')
[2.452s] INFO:colcon.colcon_core.shell:Creating environment hook '/home/rsl/crazyfly_ws/install/crazyfly_core/share/crazyfly_core/hook/pythonpath.ps1'
[2.453s] INFO:colcon.colcon_core.shell:Creating environment descriptor '/home/rsl/crazyfly_ws/install/crazyfly_core/share/crazyfly_core/hook/pythonpath.dsv'
[2.453s] INFO:colcon.colcon_core.shell:Creating environment hook '/home/rsl/crazyfly_ws/install/crazyfly_core/share/crazyfly_core/hook/pythonpath.sh'
[2.454s] Level 1:colcon.colcon_core.environment:checking '/home/rsl/crazyfly_ws/install/crazyfly_core/bin'
[2.454s] Level 1:colcon.colcon_core.environment:create_environment_scripts_only(crazyfly_core)
[2.454s] INFO:colcon.colcon_core.shell:Creating package script '/home/rsl/crazyfly_ws/install/crazyfly_core/share/crazyfly_core/package.ps1'
[2.455s] INFO:colcon.colcon_core.shell:Creating package descriptor '/home/rsl/crazyfly_ws/install/crazyfly_core/share/crazyfly_core/package.dsv'
[2.455s] INFO:colcon.colcon_core.shell:Creating package script '/home/rsl/crazyfly_ws/install/crazyfly_core/share/crazyfly_core/package.sh'
[2.455s] INFO:colcon.colcon_core.shell:Creating package script '/home/rsl/crazyfly_ws/install/crazyfly_core/share/crazyfly_core/package.bash'
[2.456s] INFO:colcon.colcon_core.shell:Creating package script '/home/rsl/crazyfly_ws/install/crazyfly_core/share/crazyfly_core/package.zsh'
[2.456s] Level 1:colcon.colcon_core.environment:create_file_with_runtime_dependencies(/home/rsl/crazyfly_ws/install/crazyfly_core/share/colcon-core/packages/crazyfly_core)
[2.462s] Level 1:colcon.colcon_core.environment:checking '/home/rsl/crazyfly_ws/install/controller_core' for CMake module files
[2.463s] DEBUG:colcon.colcon_core.event_handler.log_command:Invoked command in '/home/rsl/crazyfly_ws/src/controller_core' returned '0': PYTHONPATH=/home/rsl/crazyfly_ws/build/controller_core/prefix_override:/home/rsl/crazyfly_ws/install/controller_core/lib/python3.10/site-packages:${PYTHONPATH} /usr/bin/python3 -W ignore:setup.py install is deprecated setup.py egg_info --egg-base ../../build/controller_core build --build-base /home/rsl/crazyfly_ws/build/controller_core/build install --record /home/rsl/crazyfly_ws/build/controller_core/install.log --single-version-externally-managed install_data
[2.464s] Level 1:colcon.colcon_core.environment:checking '/home/rsl/crazyfly_ws/install/controller_core' for CMake config files
[2.465s] Level 1:colcon.colcon_core.environment:checking '/home/rsl/crazyfly_ws/install/controller_core/lib'
[2.465s] Level 1:colcon.colcon_core.environment:checking '/home/rsl/crazyfly_ws/install/controller_core/bin'
[2.465s] Level 1:colcon.colcon_core.environment:checking '/home/rsl/crazyfly_ws/install/controller_core/lib/pkgconfig/controller_core.pc'
[2.465s] Level 1:colcon.colcon_core.environment:checking '/home/rsl/crazyfly_ws/install/controller_core/lib/python3.10/site-packages'
[2.465s] Level 1:colcon.colcon_core.shell:create_environment_hook('controller_core', 'pythonpath')
[2.466s] INFO:colcon.colcon_core.shell:Creating environment hook '/home/rsl/crazyfly_ws/install/controller_core/share/controller_core/hook/pythonpath.ps1'
[2.466s] INFO:colcon.colcon_core.shell:Creating environment descriptor '/home/rsl/crazyfly_ws/install/controller_core/share/controller_core/hook/pythonpath.dsv'
[2.467s] INFO:colcon.colcon_core.shell:Creating environment hook '/home/rsl/crazyfly_ws/install/controller_core/share/controller_core/hook/pythonpath.sh'
[2.467s] Level 1:colcon.colcon_core.environment:checking '/home/rsl/crazyfly_ws/install/controller_core/bin'
[2.467s] Level 1:colcon.colcon_core.environment:create_environment_scripts_only(controller_core)
[2.468s] INFO:colcon.colcon_core.shell:Creating package script '/home/rsl/crazyfly_ws/install/controller_core/share/controller_core/package.ps1'
[2.468s] INFO:colcon.colcon_core.shell:Creating package descriptor '/home/rsl/crazyfly_ws/install/controller_core/share/controller_core/package.dsv'
[2.469s] INFO:colcon.colcon_core.shell:Creating package script '/home/rsl/crazyfly_ws/install/controller_core/share/controller_core/package.sh'
[2.469s] INFO:colcon.colcon_core.shell:Creating package script '/home/rsl/crazyfly_ws/install/controller_core/share/controller_core/package.bash'
[2.470s] INFO:colcon.colcon_core.shell:Creating package script '/home/rsl/crazyfly_ws/install/controller_core/share/controller_core/package.zsh'
[2.470s] Level 1:colcon.colcon_core.environment:create_file_with_runtime_dependencies(/home/rsl/crazyfly_ws/install/controller_core/share/colcon-core/packages/controller_core)
[2.470s] DEBUG:colcon.colcon_parallel_executor.executor.parallel:closing loop
[2.470s] DEBUG:colcon.colcon_parallel_executor.executor.parallel:loop closed
[2.470s] DEBUG:colcon.colcon_parallel_executor.executor.parallel:run_until_complete finished with '0'
[2.470s] DEBUG:colcon.colcon_core.event_reactor:joining thread
[2.479s] INFO:colcon.colcon_core.plugin_system:Skipping extension 'colcon_notification.desktop_notification.terminal_notifier': Not used on non-Darwin systems
[2.479s] INFO:colcon.colcon_core.plugin_system:Skipping extension 'colcon_notification.desktop_notification.win32': Not used on non-Windows systems
[2.479s] INFO:colcon.colcon_notification.desktop_notification:Sending desktop notification using 'notify2'
[2.494s] DEBUG:colcon.colcon_core.event_reactor:joined thread
[2.495s] INFO:colcon.colcon_core.shell:Creating prefix script '/home/rsl/crazyfly_ws/install/local_setup.ps1'
[2.496s] INFO:colcon.colcon_core.shell:Creating prefix util module '/home/rsl/crazyfly_ws/install/_local_setup_util_ps1.py'
[2.497s] INFO:colcon.colcon_core.shell:Creating prefix chain script '/home/rsl/crazyfly_ws/install/setup.ps1'
[2.498s] INFO:colcon.colcon_core.shell:Creating prefix script '/home/rsl/crazyfly_ws/install/local_setup.sh'
[2.499s] INFO:colcon.colcon_core.shell:Creating prefix util module '/home/rsl/crazyfly_ws/install/_local_setup_util_sh.py'
[2.500s] INFO:colcon.colcon_core.shell:Creating prefix chain script '/home/rsl/crazyfly_ws/install/setup.sh'
[2.501s] INFO:colcon.colcon_core.shell:Creating prefix script '/home/rsl/crazyfly_ws/install/local_setup.bash'
[2.502s] INFO:colcon.colcon_core.shell:Creating prefix chain script '/home/rsl/crazyfly_ws/install/setup.bash'
[2.503s] INFO:colcon.colcon_core.shell:Creating prefix script '/home/rsl/crazyfly_ws/install/local_setup.zsh'
[2.504s] INFO:colcon.colcon_core.shell:Creating prefix chain script '/home/rsl/crazyfly_ws/install/setup.zsh'
